[31mCMake Error at /opt/ros/rolling/share/rosidl_adapter/cmake/rosidl_adapt_interfaces.cmake:57 (message):
  execute_process(/usr/bin/python3 -m rosidl_adapter --package-name
  robot_interface --arguments-file
  /home/nandhan-golla/Desktop/ros_tutorials/fol2/build/robot_interface/rosidl_adapter__arguments__robot_interface.json
  --output-dir
  /home/nandhan-golla/Desktop/ros_tutorials/fol2/build/robot_interface/rosidl_adapter/robot_interface
  --output-file
  /home/nandhan-golla/Desktop/ros_tutorials/fol2/build/robot_interface/rosidl_adapter/robot_interface.idls)
  returned error code 1:

  Traceback (most recent call last):

    File "<frozen runpy>", line 198, in _run_module_as_main
    File "<frozen runpy>", line 88, in _run_code
    File "/opt/ros/rolling/lib/python3.12/site-packages/rosidl_adapter/__main__.py", line 19, in <module>
      main()
    File "/opt/ros/rolling/lib/python3.12/site-packages/rosidl_adapter/main.py", line 54, in main
      abs_idl_file = convert_to_idl(
                     ^^^^^^^^^^^^^^^
    File "/opt/ros/rolling/lib/python3.12/site-packages/rosidl_adapter/__init__.py", line 27, in convert_to_idl
      return convert_srv_to_idl(
             ^^^^^^^^^^^^^^^^^^^
    File "/opt/ros/rolling/lib/python3.12/site-packages/rosidl_adapter/srv/__init__.py", line 31, in convert_srv_to_idl
      srv = parse_service_string(package_name, input_file.stem, content)
            ^^^^^^^^^^^^^^^^^^^^^^^^^^^^^^^^^^^^^^^^^^^^^^^^^^^^^^^^^^^^
    File "/opt/ros/rolling/lib/python3.12/site-packages/rosidl_adapter/parser.py", line 885, in parse_service_string
      request_message = parse_message_string(
                        ^^^^^^^^^^^^^^^^^^^^^
    File "/opt/ros/rolling/lib/python3.12/site-packages/rosidl_adapter/parser.py", line 563, in parse_message_string
      msg = MessageSpecification(pkg_name, msg_name, fields, constants)
            ^^^^^^^^^^^^^^^^^^^^^^^^^^^^^^^^^^^^^^^^^^^^^^^^^^^^^^^^^^^
    File "/opt/ros/rolling/lib/python3.12/site-packages/rosidl_adapter/parser.py", line 406, in __init__
      self.base_type = BaseType(
                       ^^^^^^^^^
    File "/opt/ros/rolling/lib/python3.12/site-packages/rosidl_adapter/parser.py", line 221, in __init__
      raise InvalidResourceName(

  rosidl_adapter.parser.InvalidResourceName: 'sample_Request' is an invalid
  message name.  It should have the pattern '^[A-Z][A-Za-z0-9]*$'

Call Stack (most recent call first):
  /opt/ros/rolling/share/rosidl_cmake/cmake/rosidl_generate_interfaces.cmake:132 (rosidl_adapt_interfaces)
  CMakeLists.txt:13 (rosidl_generate_interfaces)

[0m
