[0.088s] Invoking command in '/home/nandhan-golla/Desktop/ros_tutorials/fol2/build/robot_interface': CMAKE_PREFIX_PATH=${CMAKE_PREFIX_PATH}:/opt/ros/rolling DEBUGINFOD_URLS=https://debuginfod.ubuntu.com /usr/bin/cmake /home/nandhan-golla/Desktop/ros_tutorials/fol2/src/robot_interface -DCMAKE_INSTALL_PREFIX=/home/nandhan-golla/Desktop/ros_tutorials/fol2/install/robot_interface
[1.204s] -- The C compiler identification is GNU 13.3.0
[1.796s] -- The CXX compiler identification is GNU 13.3.0
[1.845s] -- Detecting C compiler ABI info
[2.119s] -- Detecting C compiler ABI info - done
[2.137s] -- Check for working C compiler: /usr/bin/cc - skipped
[2.138s] -- Detecting C compile features
[2.139s] -- Detecting C compile features - done
[2.158s] -- Detecting CXX compiler ABI info
[2.376s] -- Detecting CXX compiler ABI info - done
[2.403s] -- Check for working CXX compiler: /usr/bin/c++ - skipped
[2.403s] -- Detecting CXX compile features
[2.404s] -- Detecting CXX compile features - done
[2.616s] -- Found ament_cmake: 2.7.2 (/opt/ros/rolling/share/ament_cmake/cmake)
[3.006s] -- Found Python3: /usr/bin/python3 (found version "3.12.3") found components: Interpreter 
[3.355s] -- Found geometry_msgs: 5.4.2 (/opt/ros/rolling/share/geometry_msgs/cmake)
[3.575s] -- Found rosidl_generator_c: 4.9.3 (/opt/ros/rolling/share/rosidl_generator_c/cmake)
[3.625s] -- Found rosidl_generator_cpp: 4.9.3 (/opt/ros/rolling/share/rosidl_generator_cpp/cmake)
[3.710s] -- Using all available rosidl_typesupport_c: rosidl_typesupport_fastrtps_c;rosidl_typesupport_introspection_c
[3.814s] -- Using all available rosidl_typesupport_cpp: rosidl_typesupport_fastrtps_cpp;rosidl_typesupport_introspection_cpp
[4.052s] -- Found rosidl_default_generators: 1.7.1 (/opt/ros/rolling/share/rosidl_default_generators/cmake)
[4.103s] -- Found rosidl_adapter: 4.9.3 (/opt/ros/rolling/share/rosidl_adapter/cmake)
[4.733s] [31mCMake Error at /opt/ros/rolling/share/rosidl_adapter/cmake/rosidl_adapt_interfaces.cmake:57 (message):
[4.734s]   execute_process(/usr/bin/python3 -m rosidl_adapter --package-name
[4.734s]   robot_interface --arguments-file
[4.734s]   /home/nandhan-golla/Desktop/ros_tutorials/fol2/build/robot_interface/rosidl_adapter__arguments__robot_interface.json
[4.734s]   --output-dir
[4.734s]   /home/nandhan-golla/Desktop/ros_tutorials/fol2/build/robot_interface/rosidl_adapter/robot_interface
[4.734s]   --output-file
[4.735s]   /home/nandhan-golla/Desktop/ros_tutorials/fol2/build/robot_interface/rosidl_adapter/robot_interface.idls)
[4.735s]   returned error code 1:
[4.735s] 
[4.735s]   Traceback (most recent call last):
[4.735s] 
[4.735s]     File "<frozen runpy>", line 198, in _run_module_as_main
[4.735s]     File "<frozen runpy>", line 88, in _run_code
[4.735s]     File "/opt/ros/rolling/lib/python3.12/site-packages/rosidl_adapter/__main__.py", line 19, in <module>
[4.735s]       main()
[4.736s]     File "/opt/ros/rolling/lib/python3.12/site-packages/rosidl_adapter/main.py", line 54, in main
[4.736s]       abs_idl_file = convert_to_idl(
[4.736s]                      ^^^^^^^^^^^^^^^
[4.736s]     File "/opt/ros/rolling/lib/python3.12/site-packages/rosidl_adapter/__init__.py", line 27, in convert_to_idl
[4.736s]       return convert_srv_to_idl(
[4.736s]              ^^^^^^^^^^^^^^^^^^^
[4.736s]     File "/opt/ros/rolling/lib/python3.12/site-packages/rosidl_adapter/srv/__init__.py", line 31, in convert_srv_to_idl
[4.736s]       srv = parse_service_string(package_name, input_file.stem, content)
[4.736s]             ^^^^^^^^^^^^^^^^^^^^^^^^^^^^^^^^^^^^^^^^^^^^^^^^^^^^^^^^^^^^
[4.737s]     File "/opt/ros/rolling/lib/python3.12/site-packages/rosidl_adapter/parser.py", line 885, in parse_service_string
[4.737s]       request_message = parse_message_string(
[4.737s]                         ^^^^^^^^^^^^^^^^^^^^^
[4.737s]     File "/opt/ros/rolling/lib/python3.12/site-packages/rosidl_adapter/parser.py", line 563, in parse_message_string
[4.737s]       msg = MessageSpecification(pkg_name, msg_name, fields, constants)
[4.737s]             ^^^^^^^^^^^^^^^^^^^^^^^^^^^^^^^^^^^^^^^^^^^^^^^^^^^^^^^^^^^
[4.737s]     File "/opt/ros/rolling/lib/python3.12/site-packages/rosidl_adapter/parser.py", line 406, in __init__
[4.737s]       self.base_type = BaseType(
[4.737s]                        ^^^^^^^^^
[4.738s]     File "/opt/ros/rolling/lib/python3.12/site-packages/rosidl_adapter/parser.py", line 221, in __init__
[4.738s]       raise InvalidResourceName(
[4.738s] 
[4.738s]   rosidl_adapter.parser.InvalidResourceName: 'sample_Request' is an invalid
[4.738s]   message name.  It should have the pattern '^[A-Z][A-Za-z0-9]*$'
[4.738s] 
[4.738s] Call Stack (most recent call first):
[4.738s]   /opt/ros/rolling/share/rosidl_cmake/cmake/rosidl_generate_interfaces.cmake:132 (rosidl_adapt_interfaces)
[4.738s]   CMakeLists.txt:13 (rosidl_generate_interfaces)
[4.739s] 
[4.739s] [0m
[4.739s] -- Configuring incomplete, errors occurred!
[4.747s] Invoked command in '/home/nandhan-golla/Desktop/ros_tutorials/fol2/build/robot_interface' returned '1': CMAKE_PREFIX_PATH=${CMAKE_PREFIX_PATH}:/opt/ros/rolling DEBUGINFOD_URLS=https://debuginfod.ubuntu.com /usr/bin/cmake /home/nandhan-golla/Desktop/ros_tutorials/fol2/src/robot_interface -DCMAKE_INSTALL_PREFIX=/home/nandhan-golla/Desktop/ros_tutorials/fol2/install/robot_interface
