[0.428s] DEBUG:colcon:Command line arguments: ['/usr/bin/colcon', 'build']
[0.428s] DEBUG:colcon:Parsed command line arguments: Namespace(log_base=None, log_level=None, verb_name='build', build_base='build', install_base='install', merge_install=False, symlink_install=False, test_result_base=None, continue_on_error=False, executor='parallel', parallel_workers=4, event_handlers=None, ignore_user_meta=False, metas=['./colcon.meta'], base_paths=['.'], packages_ignore=None, packages_ignore_regex=None, paths=None, packages_up_to=None, packages_up_to_regex=None, packages_above=None, packages_above_and_dependencies=None, packages_above_depth=None, packages_select_by_dep=None, packages_skip_by_dep=None, packages_skip_up_to=None, packages_select_build_failed=False, packages_skip_build_finished=False, packages_select_test_failures=False, packages_skip_test_passed=False, packages_select=None, packages_skip=None, packages_select_regex=None, packages_skip_regex=None, packages_start=None, packages_end=None, cmake_args=None, cmake_target=None, cmake_target_skip_unavailable=False, cmake_clean_cache=False, cmake_clean_first=False, cmake_force_configure=False, ament_cmake_args=None, catkin_cmake_args=None, catkin_skip_building_tests=False, verb_parser=<colcon_defaults.argument_parser.defaults.DefaultArgumentsDecorator object at 0x7a0c0b7e2c90>, verb_extension=<colcon_core.verb.build.BuildVerb object at 0x7a0c0b713200>, main=<bound method BuildVerb.main of <colcon_core.verb.build.BuildVerb object at 0x7a0c0b713200>>)
[0.501s] Level 1:colcon.colcon_core.package_discovery:discover_packages(colcon_meta) check parameters
[0.502s] Level 1:colcon.colcon_core.package_discovery:discover_packages(recursive) check parameters
[0.502s] Level 1:colcon.colcon_core.package_discovery:discover_packages(ignore) check parameters
[0.502s] Level 1:colcon.colcon_core.package_discovery:discover_packages(path) check parameters
[0.502s] Level 1:colcon.colcon_core.package_discovery:discover_packages(colcon_meta) discover
[0.502s] Level 1:colcon.colcon_core.package_discovery:discover_packages(recursive) discover
[0.502s] INFO:colcon.colcon_core.package_discovery:Crawling recursively for packages in '/home/nandhan-golla/Desktop/ros_tutorials/fol/src'
[0.503s] Level 1:colcon.colcon_core.package_identification:_identify(.) by extensions ['ignore', 'ignore_ament_install']
[0.503s] Level 1:colcon.colcon_core.package_identification:_identify(.) by extension 'ignore'
[0.503s] Level 1:colcon.colcon_core.package_identification:_identify(.) by extension 'ignore_ament_install'
[0.503s] Level 1:colcon.colcon_core.package_identification:_identify(.) by extensions ['colcon_pkg']
[0.503s] Level 1:colcon.colcon_core.package_identification:_identify(.) by extension 'colcon_pkg'
[0.503s] Level 1:colcon.colcon_core.package_identification:_identify(.) by extensions ['colcon_meta']
[0.503s] Level 1:colcon.colcon_core.package_identification:_identify(.) by extension 'colcon_meta'
[0.503s] Level 1:colcon.colcon_core.package_identification:_identify(.) by extensions ['ros']
[0.503s] Level 1:colcon.colcon_core.package_identification:_identify(.) by extension 'ros'
[0.554s] Level 1:colcon.colcon_core.package_identification:_identify(.) by extensions ['cmake', 'python']
[0.554s] Level 1:colcon.colcon_core.package_identification:_identify(.) by extension 'cmake'
[0.554s] Level 1:colcon.colcon_core.package_identification:_identify(.) by extension 'python'
[0.554s] Level 1:colcon.colcon_core.package_identification:_identify(.) by extensions ['python_setup_py']
[0.555s] Level 1:colcon.colcon_core.package_identification:_identify(.) by extension 'python_setup_py'
[0.555s] Level 1:colcon.colcon_core.package_identification:_identify(build) by extensions ['ignore', 'ignore_ament_install']
[0.555s] Level 1:colcon.colcon_core.package_identification:_identify(build) by extension 'ignore'
[0.555s] Level 1:colcon.colcon_core.package_identification:_identify(build) ignored
[0.555s] Level 1:colcon.colcon_core.package_identification:_identify(install) by extensions ['ignore', 'ignore_ament_install']
[0.555s] Level 1:colcon.colcon_core.package_identification:_identify(install) by extension 'ignore'
[0.555s] Level 1:colcon.colcon_core.package_identification:_identify(install) ignored
[0.556s] Level 1:colcon.colcon_core.package_identification:_identify(log) by extensions ['ignore', 'ignore_ament_install']
[0.556s] Level 1:colcon.colcon_core.package_identification:_identify(log) by extension 'ignore'
[0.556s] Level 1:colcon.colcon_core.package_identification:_identify(log) ignored
[0.556s] Level 1:colcon.colcon_core.package_identification:_identify(sample_cli) by extensions ['ignore', 'ignore_ament_install']
[0.556s] Level 1:colcon.colcon_core.package_identification:_identify(sample_cli) by extension 'ignore'
[0.556s] Level 1:colcon.colcon_core.package_identification:_identify(sample_cli) by extension 'ignore_ament_install'
[0.556s] Level 1:colcon.colcon_core.package_identification:_identify(sample_cli) by extensions ['colcon_pkg']
[0.556s] Level 1:colcon.colcon_core.package_identification:_identify(sample_cli) by extension 'colcon_pkg'
[0.556s] Level 1:colcon.colcon_core.package_identification:_identify(sample_cli) by extensions ['colcon_meta']
[0.557s] Level 1:colcon.colcon_core.package_identification:_identify(sample_cli) by extension 'colcon_meta'
[0.557s] Level 1:colcon.colcon_core.package_identification:_identify(sample_cli) by extensions ['ros']
[0.557s] Level 1:colcon.colcon_core.package_identification:_identify(sample_cli) by extension 'ros'
[0.562s] DEBUG:colcon.colcon_core.package_identification:Package 'sample_cli' with type 'ros.ament_python' and name 'sample_cli'
[0.562s] Level 1:colcon.colcon_core.package_discovery:discover_packages(recursive) using defaults
[0.562s] Level 1:colcon.colcon_core.package_discovery:discover_packages(ignore) discover
[0.562s] Level 1:colcon.colcon_core.package_discovery:discover_packages(ignore) using defaults
[0.562s] Level 1:colcon.colcon_core.package_discovery:discover_packages(path) discover
[0.562s] Level 1:colcon.colcon_core.package_discovery:discover_packages(path) using defaults
[0.598s] Level 5:colcon.colcon_core.verb:set package 'sample_cli' build argument 'cmake_args' from command line to 'None'
[0.598s] Level 5:colcon.colcon_core.verb:set package 'sample_cli' build argument 'cmake_target' from command line to 'None'
[0.598s] Level 5:colcon.colcon_core.verb:set package 'sample_cli' build argument 'cmake_target_skip_unavailable' from command line to 'False'
[0.598s] Level 5:colcon.colcon_core.verb:set package 'sample_cli' build argument 'cmake_clean_cache' from command line to 'False'
[0.598s] Level 5:colcon.colcon_core.verb:set package 'sample_cli' build argument 'cmake_clean_first' from command line to 'False'
[0.598s] Level 5:colcon.colcon_core.verb:set package 'sample_cli' build argument 'cmake_force_configure' from command line to 'False'
[0.598s] Level 5:colcon.colcon_core.verb:set package 'sample_cli' build argument 'ament_cmake_args' from command line to 'None'
[0.599s] Level 5:colcon.colcon_core.verb:set package 'sample_cli' build argument 'catkin_cmake_args' from command line to 'None'
[0.599s] Level 5:colcon.colcon_core.verb:set package 'sample_cli' build argument 'catkin_skip_building_tests' from command line to 'False'
[0.599s] DEBUG:colcon.colcon_core.verb:Building package 'sample_cli' with the following arguments: {'ament_cmake_args': None, 'build_base': '/home/nandhan-golla/Desktop/ros_tutorials/fol/src/build/sample_cli', 'catkin_cmake_args': None, 'catkin_skip_building_tests': False, 'cmake_args': None, 'cmake_clean_cache': False, 'cmake_clean_first': False, 'cmake_force_configure': False, 'cmake_target': None, 'cmake_target_skip_unavailable': False, 'install_base': '/home/nandhan-golla/Desktop/ros_tutorials/fol/src/install/sample_cli', 'merge_install': False, 'path': '/home/nandhan-golla/Desktop/ros_tutorials/fol/src/sample_cli', 'symlink_install': False, 'test_result_base': None}
[0.599s] INFO:colcon.colcon_core.executor:Executing jobs using 'parallel' executor
[0.601s] DEBUG:colcon.colcon_parallel_executor.executor.parallel:run_until_complete
[0.601s] INFO:colcon.colcon_ros.task.ament_python.build:Building ROS package in '/home/nandhan-golla/Desktop/ros_tutorials/fol/src/sample_cli' with build type 'ament_python'
[0.602s] Level 1:colcon.colcon_core.shell:create_environment_hook('sample_cli', 'ament_prefix_path')
[0.615s] INFO:colcon.colcon_core.plugin_system:Skipping extension 'colcon_core.shell.bat': Not used on non-Windows systems
[0.615s] INFO:colcon.colcon_core.shell:Creating environment descriptor '/home/nandhan-golla/Desktop/ros_tutorials/fol/src/install/sample_cli/share/sample_cli/hook/ament_prefix_path.dsv'
[0.628s] INFO:colcon.colcon_core.shell:Creating environment hook '/home/nandhan-golla/Desktop/ros_tutorials/fol/src/install/sample_cli/share/sample_cli/hook/ament_prefix_path.sh'
[0.630s] DEBUG:colcon.colcon_core.shell:Skip shell extension 'dsv' for command environment
[1.156s] INFO:colcon.colcon_core.task.python.build:Building Python package in '/home/nandhan-golla/Desktop/ros_tutorials/fol/src/sample_cli'
[1.157s] DEBUG:colcon.colcon_core.shell:Skip shell extension 'dsv' for command environment
[6.250s] DEBUG:colcon.colcon_core.event_handler.log_command:Invoking command in '/home/nandhan-golla/Desktop/ros_tutorials/fol/src/sample_cli': DEBUGINFOD_URLS=https://debuginfod.ubuntu.com PYTHONPATH=/home/nandhan-golla/Desktop/ros_tutorials/fol/src/build/sample_cli/prefix_override:/usr/lib/python3/dist-packages/colcon_core/task/python/colcon_distutils_commands:/home/nandhan-golla/Desktop/ros_tutorials/fol/src/install/sample_cli/lib/python3.12/site-packages:${PYTHONPATH} /usr/bin/python3 -W ignore:setup.py install is deprecated -W ignore:easy_install command is deprecated setup.py egg_info --egg-base ../build/sample_cli build --build-base /home/nandhan-golla/Desktop/ros_tutorials/fol/src/build/sample_cli/build install --record /home/nandhan-golla/Desktop/ros_tutorials/fol/src/build/sample_cli/install.log --single-version-externally-managed install_data
[7.441s] DEBUG:colcon.colcon_core.event_handler.log_command:Invoked command in '/home/nandhan-golla/Desktop/ros_tutorials/fol/src/sample_cli' returned '0': DEBUGINFOD_URLS=https://debuginfod.ubuntu.com PYTHONPATH=/home/nandhan-golla/Desktop/ros_tutorials/fol/src/build/sample_cli/prefix_override:/usr/lib/python3/dist-packages/colcon_core/task/python/colcon_distutils_commands:/home/nandhan-golla/Desktop/ros_tutorials/fol/src/install/sample_cli/lib/python3.12/site-packages:${PYTHONPATH} /usr/bin/python3 -W ignore:setup.py install is deprecated -W ignore:easy_install command is deprecated setup.py egg_info --egg-base ../build/sample_cli build --build-base /home/nandhan-golla/Desktop/ros_tutorials/fol/src/build/sample_cli/build install --record /home/nandhan-golla/Desktop/ros_tutorials/fol/src/build/sample_cli/install.log --single-version-externally-managed install_data
[7.511s] Level 1:colcon.colcon_core.environment:checking '/home/nandhan-golla/Desktop/ros_tutorials/fol/src/install/sample_cli' for CMake module files
[7.513s] Level 1:colcon.colcon_core.environment:checking '/home/nandhan-golla/Desktop/ros_tutorials/fol/src/install/sample_cli' for CMake config files
[7.514s] Level 1:colcon.colcon_core.environment:checking '/home/nandhan-golla/Desktop/ros_tutorials/fol/src/install/sample_cli/lib'
[7.515s] Level 1:colcon.colcon_core.environment:checking '/home/nandhan-golla/Desktop/ros_tutorials/fol/src/install/sample_cli/bin'
[7.515s] Level 1:colcon.colcon_core.environment:checking '/home/nandhan-golla/Desktop/ros_tutorials/fol/src/install/sample_cli/lib/pkgconfig/sample_cli.pc'
[7.516s] Level 1:colcon.colcon_core.environment:checking '/home/nandhan-golla/Desktop/ros_tutorials/fol/src/install/sample_cli/lib/python3.12/site-packages'
[7.516s] Level 1:colcon.colcon_core.shell:create_environment_hook('sample_cli', 'pythonpath')
[7.517s] INFO:colcon.colcon_core.shell:Creating environment descriptor '/home/nandhan-golla/Desktop/ros_tutorials/fol/src/install/sample_cli/share/sample_cli/hook/pythonpath.dsv'
[7.518s] INFO:colcon.colcon_core.shell:Creating environment hook '/home/nandhan-golla/Desktop/ros_tutorials/fol/src/install/sample_cli/share/sample_cli/hook/pythonpath.sh'
[7.519s] Level 1:colcon.colcon_core.environment:checking '/home/nandhan-golla/Desktop/ros_tutorials/fol/src/install/sample_cli/bin'
[7.519s] Level 1:colcon.colcon_core.environment:create_environment_scripts_only(sample_cli)
[7.520s] INFO:colcon.colcon_core.shell:Creating package descriptor '/home/nandhan-golla/Desktop/ros_tutorials/fol/src/install/sample_cli/share/sample_cli/package.dsv'
[7.521s] INFO:colcon.colcon_core.shell:Creating package script '/home/nandhan-golla/Desktop/ros_tutorials/fol/src/install/sample_cli/share/sample_cli/package.sh'
[7.523s] INFO:colcon.colcon_core.shell:Creating package script '/home/nandhan-golla/Desktop/ros_tutorials/fol/src/install/sample_cli/share/sample_cli/package.bash'
[7.531s] INFO:colcon.colcon_core.shell:Creating package script '/home/nandhan-golla/Desktop/ros_tutorials/fol/src/install/sample_cli/share/sample_cli/package.zsh'
[7.533s] Level 1:colcon.colcon_core.environment:create_file_with_runtime_dependencies(/home/nandhan-golla/Desktop/ros_tutorials/fol/src/install/sample_cli/share/colcon-core/packages/sample_cli)
[7.534s] DEBUG:colcon.colcon_parallel_executor.executor.parallel:closing loop
[7.535s] DEBUG:colcon.colcon_parallel_executor.executor.parallel:loop closed
[7.535s] DEBUG:colcon.colcon_parallel_executor.executor.parallel:run_until_complete finished with '0'
[7.535s] DEBUG:colcon.colcon_core.event_reactor:joining thread
[7.554s] INFO:colcon.colcon_core.plugin_system:Skipping extension 'colcon_notification.desktop_notification.terminal_notifier': Not used on non-Darwin systems
[7.555s] INFO:colcon.colcon_core.plugin_system:Skipping extension 'colcon_notification.desktop_notification.win32': Not used on non-Windows systems
[7.555s] INFO:colcon.colcon_notification.desktop_notification:Sending desktop notification using 'notify2'
[7.633s] DEBUG:colcon.colcon_core.event_reactor:joined thread
[7.634s] INFO:colcon.colcon_core.shell:Creating prefix script '/home/nandhan-golla/Desktop/ros_tutorials/fol/src/install/local_setup.sh'
[7.636s] INFO:colcon.colcon_core.shell:Creating prefix util module '/home/nandhan-golla/Desktop/ros_tutorials/fol/src/install/_local_setup_util_sh.py'
[7.641s] INFO:colcon.colcon_core.shell:Creating prefix chain script '/home/nandhan-golla/Desktop/ros_tutorials/fol/src/install/setup.sh'
[7.644s] INFO:colcon.colcon_core.shell:Creating prefix script '/home/nandhan-golla/Desktop/ros_tutorials/fol/src/install/local_setup.bash'
[7.647s] INFO:colcon.colcon_core.shell:Creating prefix chain script '/home/nandhan-golla/Desktop/ros_tutorials/fol/src/install/setup.bash'
[7.650s] INFO:colcon.colcon_core.shell:Creating prefix script '/home/nandhan-golla/Desktop/ros_tutorials/fol/src/install/local_setup.zsh'
[7.651s] INFO:colcon.colcon_core.shell:Creating prefix chain script '/home/nandhan-golla/Desktop/ros_tutorials/fol/src/install/setup.zsh'
