[0.180s] DEBUG:colcon:Command line arguments: ['/usr/bin/colcon', 'list', '-p', '--base-paths', '/home/nandhan-golla/Desktop/ros_tutorials/fol']
[0.181s] DEBUG:colcon:Parsed command line arguments: Namespace(log_base=None, log_level=None, verb_name='list', build_base='build', ignore_user_meta=False, metas=['./colcon.meta'], base_paths=['/home/nandhan-golla/Desktop/ros_tutorials/fol'], packages_ignore=None, packages_ignore_regex=None, paths=None, packages_up_to=None, packages_up_to_regex=None, packages_above=None, packages_above_and_dependencies=None, packages_above_depth=None, packages_select_by_dep=None, packages_skip_by_dep=None, packages_skip_up_to=None, packages_select_build_failed=False, packages_skip_build_finished=False, packages_select_test_failures=False, packages_skip_test_passed=False, packages_select=None, packages_skip=None, packages_select_regex=None, packages_skip_regex=None, packages_start=None, packages_end=None, topological_order=False, names_only=False, paths_only=True, topological_graph=False, topological_graph_dot=False, topological_graph_density=False, topological_graph_legend=False, topological_graph_dot_cluster=False, topological_graph_dot_include_skipped=False, verb_parser=<colcon_defaults.argument_parser.defaults.DefaultArgumentsDecorator object at 0x78e62d2faff0>, verb_extension=<colcon_package_information.verb.list.ListVerb object at 0x78e62d2fae40>, main=<bound method ListVerb.main of <colcon_package_information.verb.list.ListVerb object at 0x78e62d2fae40>>)
[0.256s] Level 1:colcon.colcon_core.package_discovery:discover_packages(colcon_meta) check parameters
[0.266s] Level 1:colcon.colcon_core.package_discovery:discover_packages(recursive) check parameters
[0.266s] Level 1:colcon.colcon_core.package_discovery:discover_packages(ignore) check parameters
[0.266s] Level 1:colcon.colcon_core.package_discovery:discover_packages(path) check parameters
[0.266s] Level 1:colcon.colcon_core.package_discovery:discover_packages(recursive) discover
[0.267s] INFO:colcon.colcon_core.package_discovery:Crawling recursively for packages in '/home/nandhan-golla/Desktop/ros_tutorials/fol'
[0.267s] Level 1:colcon.colcon_core.package_identification:_identify(/home/nandhan-golla/Desktop/ros_tutorials/fol) by extensions ['ignore', 'ignore_ament_install']
[0.267s] Level 1:colcon.colcon_core.package_identification:_identify(/home/nandhan-golla/Desktop/ros_tutorials/fol) by extension 'ignore'
[0.267s] Level 1:colcon.colcon_core.package_identification:_identify(/home/nandhan-golla/Desktop/ros_tutorials/fol) by extension 'ignore_ament_install'
[0.267s] Level 1:colcon.colcon_core.package_identification:_identify(/home/nandhan-golla/Desktop/ros_tutorials/fol) by extensions ['colcon_pkg']
[0.267s] Level 1:colcon.colcon_core.package_identification:_identify(/home/nandhan-golla/Desktop/ros_tutorials/fol) by extension 'colcon_pkg'
[0.268s] Level 1:colcon.colcon_core.package_identification:_identify(/home/nandhan-golla/Desktop/ros_tutorials/fol) by extensions ['colcon_meta']
[0.268s] Level 1:colcon.colcon_core.package_identification:_identify(/home/nandhan-golla/Desktop/ros_tutorials/fol) by extension 'colcon_meta'
[0.268s] Level 1:colcon.colcon_core.package_identification:_identify(/home/nandhan-golla/Desktop/ros_tutorials/fol) by extensions ['ros']
[0.268s] Level 1:colcon.colcon_core.package_identification:_identify(/home/nandhan-golla/Desktop/ros_tutorials/fol) by extension 'ros'
[0.323s] Level 1:colcon.colcon_core.package_identification:_identify(/home/nandhan-golla/Desktop/ros_tutorials/fol) by extensions ['cmake', 'python']
[0.323s] Level 1:colcon.colcon_core.package_identification:_identify(/home/nandhan-golla/Desktop/ros_tutorials/fol) by extension 'cmake'
[0.323s] Level 1:colcon.colcon_core.package_identification:_identify(/home/nandhan-golla/Desktop/ros_tutorials/fol) by extension 'python'
[0.324s] Level 1:colcon.colcon_core.package_identification:_identify(/home/nandhan-golla/Desktop/ros_tutorials/fol) by extensions ['python_setup_py']
[0.324s] Level 1:colcon.colcon_core.package_identification:_identify(/home/nandhan-golla/Desktop/ros_tutorials/fol) by extension 'python_setup_py'
[0.324s] Level 1:colcon.colcon_core.package_identification:_identify(/home/nandhan-golla/Desktop/ros_tutorials/fol/log) by extensions ['ignore', 'ignore_ament_install']
[0.324s] Level 1:colcon.colcon_core.package_identification:_identify(/home/nandhan-golla/Desktop/ros_tutorials/fol/log) by extension 'ignore'
[0.324s] Level 1:colcon.colcon_core.package_identification:_identify(/home/nandhan-golla/Desktop/ros_tutorials/fol/log) ignored
[0.325s] Level 1:colcon.colcon_core.package_identification:_identify(/home/nandhan-golla/Desktop/ros_tutorials/fol/src) by extensions ['ignore', 'ignore_ament_install']
[0.325s] Level 1:colcon.colcon_core.package_identification:_identify(/home/nandhan-golla/Desktop/ros_tutorials/fol/src) by extension 'ignore'
[0.325s] Level 1:colcon.colcon_core.package_identification:_identify(/home/nandhan-golla/Desktop/ros_tutorials/fol/src) by extension 'ignore_ament_install'
[0.325s] Level 1:colcon.colcon_core.package_identification:_identify(/home/nandhan-golla/Desktop/ros_tutorials/fol/src) by extensions ['colcon_pkg']
[0.325s] Level 1:colcon.colcon_core.package_identification:_identify(/home/nandhan-golla/Desktop/ros_tutorials/fol/src) by extension 'colcon_pkg'
[0.325s] Level 1:colcon.colcon_core.package_identification:_identify(/home/nandhan-golla/Desktop/ros_tutorials/fol/src) by extensions ['colcon_meta']
[0.325s] Level 1:colcon.colcon_core.package_identification:_identify(/home/nandhan-golla/Desktop/ros_tutorials/fol/src) by extension 'colcon_meta'
[0.325s] Level 1:colcon.colcon_core.package_identification:_identify(/home/nandhan-golla/Desktop/ros_tutorials/fol/src) by extensions ['ros']
[0.325s] Level 1:colcon.colcon_core.package_identification:_identify(/home/nandhan-golla/Desktop/ros_tutorials/fol/src) by extension 'ros'
[0.326s] Level 1:colcon.colcon_core.package_identification:_identify(/home/nandhan-golla/Desktop/ros_tutorials/fol/src) by extensions ['cmake', 'python']
[0.326s] Level 1:colcon.colcon_core.package_identification:_identify(/home/nandhan-golla/Desktop/ros_tutorials/fol/src) by extension 'cmake'
[0.326s] Level 1:colcon.colcon_core.package_identification:_identify(/home/nandhan-golla/Desktop/ros_tutorials/fol/src) by extension 'python'
[0.326s] Level 1:colcon.colcon_core.package_identification:_identify(/home/nandhan-golla/Desktop/ros_tutorials/fol/src) by extensions ['python_setup_py']
[0.326s] Level 1:colcon.colcon_core.package_identification:_identify(/home/nandhan-golla/Desktop/ros_tutorials/fol/src) by extension 'python_setup_py'
[0.327s] Level 1:colcon.colcon_core.package_identification:_identify(/home/nandhan-golla/Desktop/ros_tutorials/fol/src/sample_cli) by extensions ['ignore', 'ignore_ament_install']
[0.327s] Level 1:colcon.colcon_core.package_identification:_identify(/home/nandhan-golla/Desktop/ros_tutorials/fol/src/sample_cli) by extension 'ignore'
[0.327s] Level 1:colcon.colcon_core.package_identification:_identify(/home/nandhan-golla/Desktop/ros_tutorials/fol/src/sample_cli) by extension 'ignore_ament_install'
[0.327s] Level 1:colcon.colcon_core.package_identification:_identify(/home/nandhan-golla/Desktop/ros_tutorials/fol/src/sample_cli) by extensions ['colcon_pkg']
[0.327s] Level 1:colcon.colcon_core.package_identification:_identify(/home/nandhan-golla/Desktop/ros_tutorials/fol/src/sample_cli) by extension 'colcon_pkg'
[0.327s] Level 1:colcon.colcon_core.package_identification:_identify(/home/nandhan-golla/Desktop/ros_tutorials/fol/src/sample_cli) by extensions ['colcon_meta']
[0.328s] Level 1:colcon.colcon_core.package_identification:_identify(/home/nandhan-golla/Desktop/ros_tutorials/fol/src/sample_cli) by extension 'colcon_meta'
[0.328s] Level 1:colcon.colcon_core.package_identification:_identify(/home/nandhan-golla/Desktop/ros_tutorials/fol/src/sample_cli) by extensions ['ros']
[0.328s] Level 1:colcon.colcon_core.package_identification:_identify(/home/nandhan-golla/Desktop/ros_tutorials/fol/src/sample_cli) by extension 'ros'
[0.333s] DEBUG:colcon.colcon_core.package_identification:Package '/home/nandhan-golla/Desktop/ros_tutorials/fol/src/sample_cli' with type 'ros.ament_python' and name 'sample_cli'
[0.333s] Level 1:colcon.colcon_core.package_discovery:discover_packages(recursive) using defaults
