[1.751s] Invoking command in '/home/nandhan-golla/Desktop/ros_tutorials/fol/src/sample_cli': DEBUGINFOD_URLS=https://debuginfod.ubuntu.com PYTHONPATH=/home/nandhan-golla/Desktop/ros_tutorials/fol/src/build/sample_cli/prefix_override:/usr/lib/python3/dist-packages/colcon_core/task/python/colcon_distutils_commands:/home/nandhan-golla/Desktop/ros_tutorials/fol/src/install/sample_cli/lib/python3.12/site-packages:${PYTHONPATH} /usr/bin/python3 -W ignore:setup.py install is deprecated -W ignore:easy_install command is deprecated setup.py egg_info --egg-base ../build/sample_cli build --build-base /home/nandhan-golla/Desktop/ros_tutorials/fol/src/build/sample_cli/build install --record /home/nandhan-golla/Desktop/ros_tutorials/fol/src/build/sample_cli/install.log --single-version-externally-managed install_data
[2.282s] running egg_info
[2.320s] writing ../build/sample_cli/sample_cli.egg-info/PKG-INFO
[2.323s] writing dependency_links to ../build/sample_cli/sample_cli.egg-info/dependency_links.txt
[2.323s] writing entry points to ../build/sample_cli/sample_cli.egg-info/entry_points.txt
[2.323s] writing requirements to ../build/sample_cli/sample_cli.egg-info/requires.txt
[2.324s] writing top-level names to ../build/sample_cli/sample_cli.egg-info/top_level.txt
[2.399s] reading manifest file '../build/sample_cli/sample_cli.egg-info/SOURCES.txt'
[2.401s] writing manifest file '../build/sample_cli/sample_cli.egg-info/SOURCES.txt'
[2.401s] running build
[2.402s] running build_py
[2.402s] copying sample_cli/cli.py -> /home/nandhan-golla/Desktop/ros_tutorials/fol/src/build/sample_cli/build/lib/sample_cli
[2.402s] running install
[2.414s] running install_lib
[2.504s] copying /home/nandhan-golla/Desktop/ros_tutorials/fol/src/build/sample_cli/build/lib/sample_cli/cli.py -> /home/nandhan-golla/Desktop/ros_tutorials/fol/src/install/sample_cli/lib/python3.12/site-packages/sample_cli
[2.504s] byte-compiling /home/nandhan-golla/Desktop/ros_tutorials/fol/src/install/sample_cli/lib/python3.12/site-packages/sample_cli/cli.py to cli.cpython-312.pyc
[2.504s] running install_data
[2.505s] running install_egg_info
[2.505s] removing '/home/nandhan-golla/Desktop/ros_tutorials/fol/src/install/sample_cli/lib/python3.12/site-packages/sample_cli-0.0.0-py3.12.egg-info' (and everything under it)
[2.505s] Copying ../build/sample_cli/sample_cli.egg-info to /home/nandhan-golla/Desktop/ros_tutorials/fol/src/install/sample_cli/lib/python3.12/site-packages/sample_cli-0.0.0-py3.12.egg-info
[2.506s] running install_scripts
[2.765s] Installing cli script to /home/nandhan-golla/Desktop/ros_tutorials/fol/src/install/sample_cli/lib/sample_cli
[2.765s] Installing server script to /home/nandhan-golla/Desktop/ros_tutorials/fol/src/install/sample_cli/lib/sample_cli
[2.766s] writing list of installed files to '/home/nandhan-golla/Desktop/ros_tutorials/fol/src/build/sample_cli/install.log'
[2.859s] Invoked command in '/home/nandhan-golla/Desktop/ros_tutorials/fol/src/sample_cli' returned '0': DEBUGINFOD_URLS=https://debuginfod.ubuntu.com PYTHONPATH=/home/nandhan-golla/Desktop/ros_tutorials/fol/src/build/sample_cli/prefix_override:/usr/lib/python3/dist-packages/colcon_core/task/python/colcon_distutils_commands:/home/nandhan-golla/Desktop/ros_tutorials/fol/src/install/sample_cli/lib/python3.12/site-packages:${PYTHONPATH} /usr/bin/python3 -W ignore:setup.py install is deprecated -W ignore:easy_install command is deprecated setup.py egg_info --egg-base ../build/sample_cli build --build-base /home/nandhan-golla/Desktop/ros_tutorials/fol/src/build/sample_cli/build install --record /home/nandhan-golla/Desktop/ros_tutorials/fol/src/build/sample_cli/install.log --single-version-externally-managed install_data
